C:\Users\opilane\Desktop>git init AdwentureRadasheva
Initialized empty Git repository in C:/Users/opilane/Desktop/AdwentureRadasheva/.git/

C:\Users\opilane\Desktop>cd


C:\Users\opilane\Desktop>cd AdwentureRadasheva


C:\Users\opilane\Desktop\AdwentureRadasheva>git config --global user.name "Anastasiia Radasheva"


C:\Users\opilane\Desktop\AdwentureRadasheva>git config --global user.email "eha20082@gmail.com"








C:\Users\opilane\Desktop\AdwentureRadasheva>git status
On branch master

No commits yet

Untracked files:
  (use "git add <file>..." to include in what will be committed)
        Uus Tekstidokument.txt

nothing added to commit but untracked files present (use "git add" to track)

C:\Users\opilane\Desktop\AdwentureRadasheva>git add .

C:\Users\opilane\Desktop\AdwentureRadasheva>git commit -a -m "git käsude fail on loodud"
[master (root-commit) 47a5850] git käsude fail on loodud
 1 file changed, 0 insertions(+), 0 deletions(-)
 create mode 100644 Uus Tekstidokument.txt

C:\Users\opilane\Desktop\AdwentureRadasheva>git status
On branch master
nothing to commit, working tree clean


