C:\Users\opilane\Desktop>git init AdwentureRadasheva
Initialized empty Git repository in C:/Users/opilane/Desktop/AdwentureRadasheva/.git/

C:\Users\opilane\Desktop>cd


C:\Users\opilane\Desktop>cd AdwentureRadasheva


C:\Users\opilane\Desktop\AdwentureRadasheva>git config --global user.name "Anastasiia Radasheva"


C:\Users\opilane\Desktop\AdwentureRadasheva>git config --global user.email "eha20082@gmail.com"








C:\Users\opilane\Desktop\AdwentureRadasheva>git status
On branch master

No commits yet

Untracked files:
  (use "git add <file>..." to include in what will be committed)
        Uus Tekstidokument.txt

nothing added to commit but untracked files present (use "git add" to track)

C:\Users\opilane\Desktop\AdwentureRadasheva>git add .

C:\Users\opilane\Desktop\AdwentureRadasheva>git commit -a -m "git käsude fail on loodud"
[master (root-commit) 47a5850] git käsude fail on loodud
 1 file changed, 0 insertions(+), 0 deletions(-)
 create mode 100644 Uus Tekstidokument.txt

C:\Users\opilane\Desktop\AdwentureRadasheva>git status
On branch master
nothing to commit, working tree clean



C:\Users\opilane\Desktop\AdwentureRadasheva>git push origin main --force
Enumerating objects: 6, done.
Counting objects: 100% (6/6), done.
Delta compression using up to 8 threads
Compressing objects: 100% (3/3), done.
Writing objects: 100% (4/4), 358 bytes | 358.00 KiB/s, done.
Total 4 (delta 1), reused 1 (delta 0), pack-reused 0 (from 0)
remote: Resolving deltas: 100% (1/1), completed with 1 local object.
To github.com:AnastasiiaRadasheva/AdwentureRadasheva.git
 + 24c8718...2025e50 main -> main (forced update)


C:\Users\opilane\Desktop\AdwentureRadasheva>git checkout neljapaev
branch 'neljapaev' set up to track 'origin/neljapaev'.
Switched to a new branch 'neljapaev'

C:\Users\opilane\Desktop\AdwentureRadasheva>git status
On branch neljapaev
Your branch is up to date with 'origin/neljapaev'.

nothing to commit, working tree clean
